Semente: Saldo inicial: Saldo atual: $200
Digite o valor da aposta of 'F' para terminar ==> Saldo insuficiente. Tecle enter para continuar
Saldo atual: $200
Digite o valor da aposta of 'F' para terminar ==> 
+-----+ +-----+ +-----+ +-----+ +-----+ 
|     | |     | |     | |     | |     | 
| 5 ♥ | | K ♦ | | 6 ♦ | | 3 ♠ | | 3 ♥ | 
|     | |     | |     | |     | |     | 
+-----+ +-----+ +-----+ +-----+ +-----+ 
  (1)     (2)     (3)     (4)     (5)
Digite o número das cartas que você deseja trocar, separados por espaços: 
+-----+ +-----+ +-----+ +-----+ +-----+ 
|     | |     | |     | |     | |     | 
| 5 ♥ | | K ♦ | | 6 ♦ | | 3 ♠ | | 3 ♥ | 
|     | |     | |     | |     | |     | 
+-----+ +-----+ +-----+ +-----+ +-----+ 
  (1)     (2)     (3)     (4)     (5)
Digite o número das cartas que você deseja trocar, separados por espaços: 
+-----+ +-----+ +-----+ +-----+ +-----+ 
|     | |     | |     | |     | |     | 
| 5 ♥ | | K ♦ | | 6 ♦ | | 3 ♠ | | 3 ♥ | 
|     | |     | |     | |     | |     | 
+-----+ +-----+ +-----+ +-----+ +-----+ 
  (1)     (2)     (3)     (4)     (5)
Peninha... não ganhou nada nessa rodada
Tecle enter para continuar
Saldo atual: $190
Digite o valor da aposta of 'F' para terminar ==> Terminando o jogo... Parabéns você ainda tem saldo de $190