Semente: Saldo inicial: Saldo atual: $200
Digite o valor da aposta of 'F' para terminar ==> 
+-----+ +-----+ +-----+ +-----+ +-----+ 
|     | |     | |     | |     | |     | 
| 2 ♣ | | 8 ♠ | | 7 ♥ | | 9 ♥ | | 3 ♥ | 
|     | |     | |     | |     | |     | 
+-----+ +-----+ +-----+ +-----+ +-----+ 
  (1)     (2)     (3)     (4)     (5)
Digite o número das cartas que você deseja trocar, separados por espaços: 
+-----+ +-----+ +-----+ +-----+ +-----+ 
|     | |     | |     | |     | |     | 
| 10♥ | | 8 ♠ | | 7 ♥ | | 9 ♥ | | Q ♣ | 
|     | |     | |     | |     | |     | 
+-----+ +-----+ +-----+ +-----+ +-----+ 
  (1)     (2)     (3)     (4)     (5)
Digite o número das cartas que você deseja trocar, separados por espaços: 
+-----+ +-----+ +-----+ +-----+ +-----+ 
|     | |     | |     | |     | |     | 
| 10♥ | | 8 ♠ | | 7 ♥ | | 9 ♥ | | 3 ♦ | 
|     | |     | |     | |     | |     | 
+-----+ +-----+ +-----+ +-----+ +-----+ 
  (1)     (2)     (3)     (4)     (5)
Peninha... não ganhou nada nessa rodada
Tecle enter para continuar
Saldo atual: $199
Digite o valor da aposta of 'F' para terminar ==> 
+-----+ +-----+ +-----+ +-----+ +-----+ 
|     | |     | |     | |     | |     | 
| 8 ♦ | | 3 ♦ | | 5 ♥ | | Q ♣ | | 9 ♣ | 
|     | |     | |     | |     | |     | 
+-----+ +-----+ +-----+ +-----+ +-----+ 
  (1)     (2)     (3)     (4)     (5)
Digite o número das cartas que você deseja trocar, separados por espaços: 
+-----+ +-----+ +-----+ +-----+ +-----+ 
|     | |     | |     | |     | |     | 
| J ♥ | | A ♦ | | 3 ♣ | | 8 ♥ | | 7 ♠ | 
|     | |     | |     | |     | |     | 
+-----+ +-----+ +-----+ +-----+ +-----+ 
  (1)     (2)     (3)     (4)     (5)
Digite o número das cartas que você deseja trocar, separados por espaços: 
+-----+ +-----+ +-----+ +-----+ +-----+ 
|     | |     | |     | |     | |     | 
| 4 ♠ | | 3 ♠ | | K ♥ | | 6 ♠ | | 10♣ | 
|     | |     | |     | |     | |     | 
+-----+ +-----+ +-----+ +-----+ +-----+ 
  (1)     (2)     (3)     (4)     (5)
Peninha... não ganhou nada nessa rodada
Tecle enter para continuar
Saldo atual: $198
Digite o valor da aposta of 'F' para terminar ==> 
+-----+ +-----+ +-----+ +-----+ +-----+ 
|     | |     | |     | |     | |     | 
| Q ♠ | | 5 ♥ | | J ♦ | | 10♦ | | A ♠ | 
|     | |     | |     | |     | |     | 
+-----+ +-----+ +-----+ +-----+ +-----+ 
  (1)     (2)     (3)     (4)     (5)
Digite o número das cartas que você deseja trocar, separados por espaços: 
+-----+ +-----+ +-----+ +-----+ +-----+ 
|     | |     | |     | |     | |     | 
| Q ♠ | | J ♠ | | J ♦ | | 10♦ | | A ♠ | 
|     | |     | |     | |     | |     | 
+-----+ +-----+ +-----+ +-----+ +-----+ 
  (1)     (2)     (3)     (4)     (5)
Digite o número das cartas que você deseja trocar, separados por espaços: 
+-----+ +-----+ +-----+ +-----+ +-----+ 
|     | |     | |     | |     | |     | 
| Q ♠ | | 8 ♦ | | J ♦ | | 10♦ | | A ♠ | 
|     | |     | |     | |     | |     | 
+-----+ +-----+ +-----+ +-----+ +-----+ 
  (1)     (2)     (3)     (4)     (5)
Peninha... não ganhou nada nessa rodada
Tecle enter para continuar
Saldo atual: $197
Digite o valor da aposta of 'F' para terminar ==> 
+-----+ +-----+ +-----+ +-----+ +-----+ 
|     | |     | |     | |     | |     | 
| Q ♦ | | 4 ♦ | | J ♥ | | 8 ♦ | | 8 ♣ | 
|     | |     | |     | |     | |     | 
+-----+ +-----+ +-----+ +-----+ +-----+ 
  (1)     (2)     (3)     (4)     (5)
Digite o número das cartas que você deseja trocar, separados por espaços: 
+-----+ +-----+ +-----+ +-----+ +-----+ 
|     | |     | |     | |     | |     | 
| 10♦ | | 3 ♣ | | 9 ♠ | | 8 ♦ | | 8 ♣ | 
|     | |     | |     | |     | |     | 
+-----+ +-----+ +-----+ +-----+ +-----+ 
  (1)     (2)     (3)     (4)     (5)
Digite o número das cartas que você deseja trocar, separados por espaços: 
+-----+ +-----+ +-----+ +-----+ +-----+ 
|     | |     | |     | |     | |     | 
| 7 ♣ | | 10♠ | | 9 ♥ | | 8 ♦ | | 8 ♣ | 
|     | |     | |     | |     | |     | 
+-----+ +-----+ +-----+ +-----+ +-----+ 
  (1)     (2)     (3)     (4)     (5)
Peninha... não ganhou nada nessa rodada
Tecle enter para continuar
Saldo atual: $196
Digite o valor da aposta of 'F' para terminar ==> 
+-----+ +-----+ +-----+ +-----+ +-----+ 
|     | |     | |     | |     | |     | 
| 8 ♠ | | 7 ♣ | | 3 ♠ | | 8 ♣ | | 4 ♠ | 
|     | |     | |     | |     | |     | 
+-----+ +-----+ +-----+ +-----+ +-----+ 
  (1)     (2)     (3)     (4)     (5)
Digite o número das cartas que você deseja trocar, separados por espaços: 
+-----+ +-----+ +-----+ +-----+ +-----+ 
|     | |     | |     | |     | |     | 
| 8 ♠ | | 6 ♦ | | A ♣ | | 8 ♣ | | 3 ♥ | 
|     | |     | |     | |     | |     | 
+-----+ +-----+ +-----+ +-----+ +-----+ 
  (1)     (2)     (3)     (4)     (5)
Digite o número das cartas que você deseja trocar, separados por espaços: 
+-----+ +-----+ +-----+ +-----+ +-----+ 
|     | |     | |     | |     | |     | 
| 8 ♠ | | 8 ♥ | | 9 ♠ | | 8 ♣ | | K ♠ | 
|     | |     | |     | |     | |     | 
+-----+ +-----+ +-----+ +-----+ +-----+ 
  (1)     (2)     (3)     (4)     (5)
Parabéns. Você acrescentou $20 ao seu saldo
Tecle enter para continuar
Saldo atual: $206
Digite o valor da aposta of 'F' para terminar ==> 
+-----+ +-----+ +-----+ +-----+ +-----+ 
|     | |     | |     | |     | |     | 
| 4 ♥ | | Q ♦ | | 4 ♦ | | K ♣ | | J ♠ | 
|     | |     | |     | |     | |     | 
+-----+ +-----+ +-----+ +-----+ +-----+ 
  (1)     (2)     (3)     (4)     (5)
Digite o número das cartas que você deseja trocar, separados por espaços: 
+-----+ +-----+ +-----+ +-----+ +-----+ 
|     | |     | |     | |     | |     | 
| A ♥ | | Q ♦ | | 6 ♥ | | K ♣ | | J ♠ | 
|     | |     | |     | |     | |     | 
+-----+ +-----+ +-----+ +-----+ +-----+ 
  (1)     (2)     (3)     (4)     (5)
Digite o número das cartas que você deseja trocar, separados por espaços: 
+-----+ +-----+ +-----+ +-----+ +-----+ 
|     | |     | |     | |     | |     | 
| A ♥ | | Q ♦ | | 6 ♣ | | K ♣ | | J ♠ | 
|     | |     | |     | |     | |     | 
+-----+ +-----+ +-----+ +-----+ +-----+ 
  (1)     (2)     (3)     (4)     (5)
Peninha... não ganhou nada nessa rodada
Tecle enter para continuar
Saldo atual: $196
Digite o valor da aposta of 'F' para terminar ==> 
+-----+ +-----+ +-----+ +-----+ +-----+ 
|     | |     | |     | |     | |     | 
| J ♣ | | 6 ♦ | | 4 ♦ | | 7 ♥ | | 8 ♣ | 
|     | |     | |     | |     | |     | 
+-----+ +-----+ +-----+ +-----+ +-----+ 
  (1)     (2)     (3)     (4)     (5)
Digite o número das cartas que você deseja trocar, separados por espaços: 
+-----+ +-----+ +-----+ +-----+ +-----+ 
|     | |     | |     | |     | |     | 
| 3 ♥ | | 6 ♦ | | 4 ♦ | | 7 ♥ | | 8 ♣ | 
|     | |     | |     | |     | |     | 
+-----+ +-----+ +-----+ +-----+ +-----+ 
  (1)     (2)     (3)     (4)     (5)
Digite o número das cartas que você deseja trocar, separados por espaços: 
+-----+ +-----+ +-----+ +-----+ +-----+ 
|     | |     | |     | |     | |     | 
| 5 ♣ | | 6 ♦ | | 4 ♦ | | 7 ♥ | | 8 ♣ | 
|     | |     | |     | |     | |     | 
+-----+ +-----+ +-----+ +-----+ +-----+ 
  (1)     (2)     (3)     (4)     (5)
Parabéns. Você acrescentou $50 ao seu saldo
Tecle enter para continuar
Saldo atual: $236
Digite o valor da aposta of 'F' para terminar ==> 
+-----+ +-----+ +-----+ +-----+ +-----+ 
|     | |     | |     | |     | |     | 
| 3 ♠ | | 7 ♦ | | 6 ♠ | | 2 ♠ | | 8 ♦ | 
|     | |     | |     | |     | |     | 
+-----+ +-----+ +-----+ +-----+ +-----+ 
  (1)     (2)     (3)     (4)     (5)
Digite o número das cartas que você deseja trocar, separados por espaços: 
+-----+ +-----+ +-----+ +-----+ +-----+ 
|     | |     | |     | |     | |     | 
| 3 ♠ | | 5 ♥ | | 6 ♠ | | 2 ♠ | | A ♠ | 
|     | |     | |     | |     | |     | 
+-----+ +-----+ +-----+ +-----+ +-----+ 
  (1)     (2)     (3)     (4)     (5)
Digite o número das cartas que você deseja trocar, separados por espaços: 
+-----+ +-----+ +-----+ +-----+ +-----+ 
|     | |     | |     | |     | |     | 
| 3 ♠ | | K ♥ | | 6 ♠ | | 2 ♠ | | A ♠ | 
|     | |     | |     | |     | |     | 
+-----+ +-----+ +-----+ +-----+ +-----+ 
  (1)     (2)     (3)     (4)     (5)
Peninha... não ganhou nada nessa rodada
Tecle enter para continuar
Saldo atual: $1
Digite o valor da aposta of 'F' para terminar ==> Terminando o jogo... Parabéns você ainda tem saldo de $1